------------------------------------------------------------
Timing Analyzer Summary
------------------------------------------------------------

Type  : Slow 1200mV 85C Model Setup 'CLOCK_50'
Slack : -7.478
TNS   : -1221.986

Type  : Slow 1200mV 85C Model Setup 'sw1_ff_out'
Slack : -2.727
TNS   : -2.727

Type  : Slow 1200mV 85C Model Hold 'CLOCK_50'
Slack : 0.392
TNS   : 0.000

Type  : Slow 1200mV 85C Model Hold 'sw1_ff_out'
Slack : 2.485
TNS   : 0.000

Type  : Slow 1200mV 85C Model Recovery 'CLOCK_50'
Slack : -0.512
TNS   : -2.048

Type  : Slow 1200mV 85C Model Removal 'CLOCK_50'
Slack : 1.016
TNS   : 0.000

Type  : Slow 1200mV 85C Model Minimum Pulse Width 'CLOCK_50'
Slack : -3.000
TNS   : -360.230

Type  : Slow 1200mV 85C Model Minimum Pulse Width 'sw1_ff_out'
Slack : 0.426
TNS   : 0.000

Type  : Slow 1200mV 0C Model Setup 'CLOCK_50'
Slack : -6.813
TNS   : -1100.903

Type  : Slow 1200mV 0C Model Setup 'sw1_ff_out'
Slack : -2.374
TNS   : -2.374

Type  : Slow 1200mV 0C Model Hold 'CLOCK_50'
Slack : 0.308
TNS   : 0.000

Type  : Slow 1200mV 0C Model Hold 'sw1_ff_out'
Slack : 2.247
TNS   : 0.000

Type  : Slow 1200mV 0C Model Recovery 'CLOCK_50'
Slack : -0.357
TNS   : -1.428

Type  : Slow 1200mV 0C Model Removal 'CLOCK_50'
Slack : 0.925
TNS   : 0.000

Type  : Slow 1200mV 0C Model Minimum Pulse Width 'CLOCK_50'
Slack : -3.000
TNS   : -360.230

Type  : Slow 1200mV 0C Model Minimum Pulse Width 'sw1_ff_out'
Slack : 0.461
TNS   : 0.000

Type  : Fast 1200mV 0C Model Setup 'CLOCK_50'
Slack : -3.248
TNS   : -485.614

Type  : Fast 1200mV 0C Model Setup 'sw1_ff_out'
Slack : -0.967
TNS   : -0.967

Type  : Fast 1200mV 0C Model Hold 'CLOCK_50'
Slack : -0.020
TNS   : -0.020

Type  : Fast 1200mV 0C Model Hold 'sw1_ff_out'
Slack : 1.332
TNS   : 0.000

Type  : Fast 1200mV 0C Model Recovery 'CLOCK_50'
Slack : 0.242
TNS   : 0.000

Type  : Fast 1200mV 0C Model Removal 'CLOCK_50'
Slack : 0.483
TNS   : 0.000

Type  : Fast 1200mV 0C Model Minimum Pulse Width 'CLOCK_50'
Slack : -3.000
TNS   : -298.090

Type  : Fast 1200mV 0C Model Minimum Pulse Width 'sw1_ff_out'
Slack : 0.413
TNS   : 0.000

------------------------------------------------------------
