------------------------------------------------------------
Timing Analyzer Summary
------------------------------------------------------------

Type  : Slow 1200mV 85C Model Setup 'CLOCK_50'
Slack : -16.648
TNS   : -1860.419

Type  : Slow 1200mV 85C Model Setup 'AirFryerFSM:AirFryerFSM|state.COOL'
Slack : -2.738
TNS   : -2.738

Type  : Slow 1200mV 85C Model Hold 'CLOCK_50'
Slack : 0.401
TNS   : 0.000

Type  : Slow 1200mV 85C Model Hold 'AirFryerFSM:AirFryerFSM|state.COOL'
Slack : 2.606
TNS   : 0.000

Type  : Slow 1200mV 85C Model Recovery 'CLOCK_50'
Slack : -1.349
TNS   : -27.597

Type  : Slow 1200mV 85C Model Removal 'CLOCK_50'
Slack : 1.068
TNS   : 0.000

Type  : Slow 1200mV 85C Model Minimum Pulse Width 'CLOCK_50'
Slack : -3.000
TNS   : -385.930

Type  : Slow 1200mV 85C Model Minimum Pulse Width 'AirFryerFSM:AirFryerFSM|state.COOL'
Slack : 0.468
TNS   : 0.000

Type  : Slow 1200mV 0C Model Setup 'CLOCK_50'
Slack : -15.135
TNS   : -1681.812

Type  : Slow 1200mV 0C Model Setup 'AirFryerFSM:AirFryerFSM|state.COOL'
Slack : -2.406
TNS   : -2.406

Type  : Slow 1200mV 0C Model Hold 'CLOCK_50'
Slack : 0.353
TNS   : 0.000

Type  : Slow 1200mV 0C Model Hold 'AirFryerFSM:AirFryerFSM|state.COOL'
Slack : 2.378
TNS   : 0.000

Type  : Slow 1200mV 0C Model Recovery 'CLOCK_50'
Slack : -1.079
TNS   : -21.828

Type  : Slow 1200mV 0C Model Removal 'CLOCK_50'
Slack : 0.973
TNS   : 0.000

Type  : Slow 1200mV 0C Model Minimum Pulse Width 'CLOCK_50'
Slack : -3.000
TNS   : -385.930

Type  : Slow 1200mV 0C Model Minimum Pulse Width 'AirFryerFSM:AirFryerFSM|state.COOL'
Slack : 0.471
TNS   : 0.000

Type  : Fast 1200mV 0C Model Setup 'CLOCK_50'
Slack : -7.508
TNS   : -786.672

Type  : Fast 1200mV 0C Model Setup 'AirFryerFSM:AirFryerFSM|state.COOL'
Slack : -0.957
TNS   : -0.957

Type  : Fast 1200mV 0C Model Hold 'CLOCK_50'
Slack : 0.181
TNS   : 0.000

Type  : Fast 1200mV 0C Model Hold 'AirFryerFSM:AirFryerFSM|state.COOL'
Slack : 1.378
TNS   : 0.000

Type  : Fast 1200mV 0C Model Recovery 'CLOCK_50'
Slack : -0.240
TNS   : -0.845

Type  : Fast 1200mV 0C Model Removal 'CLOCK_50'
Slack : 0.506
TNS   : 0.000

Type  : Fast 1200mV 0C Model Minimum Pulse Width 'CLOCK_50'
Slack : -3.000
TNS   : -319.911

Type  : Fast 1200mV 0C Model Minimum Pulse Width 'AirFryerFSM:AirFryerFSM|state.COOL'
Slack : 0.463
TNS   : 0.000

------------------------------------------------------------
