------------------------------------------------------------
Timing Analyzer Summary
------------------------------------------------------------

Type  : Slow 1200mV 85C Model Setup 'CLOCK_50'
Slack : -6.058
TNS   : -870.241

Type  : Slow 1200mV 85C Model Hold 'CLOCK_50'
Slack : -0.343
TNS   : -0.411

Type  : Slow 1200mV 85C Model Minimum Pulse Width 'CLOCK_50'
Slack : -3.000
TNS   : -303.690

Type  : Slow 1200mV 85C Model Minimum Pulse Width 'SW[1]'
Slack : -3.000
TNS   : -3.000

Type  : Slow 1200mV 0C Model Setup 'CLOCK_50'
Slack : -5.460
TNS   : -778.449

Type  : Slow 1200mV 0C Model Hold 'CLOCK_50'
Slack : -0.220
TNS   : -0.220

Type  : Slow 1200mV 0C Model Minimum Pulse Width 'CLOCK_50'
Slack : -3.000
TNS   : -303.690

Type  : Slow 1200mV 0C Model Minimum Pulse Width 'SW[1]'
Slack : -3.000
TNS   : -3.000

Type  : Fast 1200mV 0C Model Setup 'CLOCK_50'
Slack : -2.418
TNS   : -333.732

Type  : Fast 1200mV 0C Model Hold 'CLOCK_50'
Slack : -0.323
TNS   : -0.520

Type  : Fast 1200mV 0C Model Minimum Pulse Width 'CLOCK_50'
Slack : -3.000
TNS   : -251.529

Type  : Fast 1200mV 0C Model Minimum Pulse Width 'SW[1]'
Slack : -3.000
TNS   : -3.000

------------------------------------------------------------
